[true, mp3, 128, lame, true, true] = com.sncf.pscs.adaptateur.ogive.service.PscsTechnicalException 
[false, mp3, 128, lame, true, true] = com.sncf.pscs.adaptateur.ogive.service.PscsTechnicalException 
[true, wav, 128, lame, true, true] = com.sncf.pscs.adaptateur.ogive.service.PscsTechnicalException 
[false, wav, 128, lame, true, true] = com.sncf.pscs.adaptateur.ogive.service.PscsTechnicalException 
[true, mp3, 128, lame, false, true] = com.sncf.pscs.adaptateur.ogive.service.PscsTechnicalException 
[false, mp3, 128, lame, false, true] = com.sncf.pscs.adaptateur.ogive.service.PscsTechnicalException 
[true, wav, 128, lame, false, true] = com.sncf.pscs.adaptateur.ogive.service.PscsTechnicalException 
[false, wav, 128, lame, false, true] = com.sncf.pscs.adaptateur.ogive.service.PscsTechnicalException 
[true, mp3, 128, lame, true, false] = FluxTmlg [body=AnnonceAudioTmlg [url=http://localhost/get10.151.156.180Mon_Nov_04_140724_CET_2013343.mp3, format=mp3, fileName=10.151.156.180Mon_Nov_04_140724_CET_2013343.mp3]] 
[false, mp3, 128, lame, true, false] = FluxTmlg [body=AnnonceAudioTmlg [url=http://localhost/get10.151.156.180Mon_Nov_04_140724_CET_2013343.mp3, format=mp3, fileName=10.151.156.180Mon_Nov_04_140724_CET_2013343.mp3]] 
[true, wav, 128, lame, true, false] = FluxTmlg [body=AnnonceAudioTmlg [url=http://localhost/get10.151.156.180Mon_Nov_04_140724_CET_2013343.mp3, format=mp3, fileName=10.151.156.180Mon_Nov_04_140724_CET_2013343.mp3]] 
[false, wav, 128, lame, true, false] = FluxTmlg [body=AnnonceAudioTmlg [url=http://localhost/get10.151.156.180Mon_Nov_04_140724_CET_2013343.wav, format=wav, fileName=10.151.156.180Mon_Nov_04_140724_CET_2013343.wav]] 
[true, mp3, 128, lame, false, false] = FluxTmlg [body=AnnonceAudioTmlg [url=http://localhost/get10.151.156.180Mon_Nov_04_140724_CET_2013343.mp3, format=mp3, fileName=10.151.156.180Mon_Nov_04_140724_CET_2013343.mp3]] 
[false, mp3, 128, lame, false, false] = FluxTmlg [body=AnnonceAudioTmlg [url=http://localhost/get10.151.156.180Mon_Nov_04_140724_CET_2013343.mp3, format=mp3, fileName=10.151.156.180Mon_Nov_04_140724_CET_2013343.mp3]] 
[true, wav, 128, lame, false, false] = com.sncf.pscs.adaptateur.ogive.service.PscsTechnicalException 
[false, wav, 128, lame, false, false] = FluxTmlg [body=AnnonceAudioTmlg [url=http://localhost/get10.151.156.180Mon_Nov_04_140724_CET_2013343.wav, format=wav, fileName=10.151.156.180Mon_Nov_04_140724_CET_2013343.wav]] 
