FluxTmlg [body=AnnounceAudioTmlg [url=http://localhost/get10.151.156.180Mon_Nov_04_140724_CET_2013343.wav, format=wav, fileName=10.151.156.180Mon_Nov_04_140724_CET_2013343.wav]]
