[wav, null10.151.156.180Mon_Nov_04_140724_CET_2013343, 10.151.156.180Mon_Nov_04_140724_CET_2013343.wav] = java.lang.reflect.InvocationTargetException 
[mp3, null10.151.156.180Mon_Nov_04_140724_CET_2013343, 10.151.156.180Mon_Nov_04_140724_CET_2013343.wav] = FluxTmlg [body=AnnounceAudioTmlg [url=http://localhost/get10.151.156.180Mon_Nov_04_140724_CET_2013343.mp3, format=mp3, fileName=10.151.156.180Mon_Nov_04_140724_CET_2013343.mp3]] 
[ogg, null10.151.156.180Mon_Nov_04_140724_CET_2013343, 10.151.156.180Mon_Nov_04_140724_CET_2013343.wav] = java.lang.reflect.InvocationTargetException 
[wav, null10.151.156.180Tue_Nov_05_141112_CET_2013343, 10.151.156.180Mon_Nov_04_140724_CET_2013343.wav] = java.lang.reflect.InvocationTargetException 
[mp3, null10.151.156.180Tue_Nov_05_141112_CET_2013343, 10.151.156.180Mon_Nov_04_140724_CET_2013343.wav] = FluxTmlg [body=AnnounceAudioTmlg [url=http://localhost/get10.151.156.180Mon_Nov_04_140724_CET_2013343.mp3, format=mp3, fileName=10.151.156.180Mon_Nov_04_140724_CET_2013343.mp3]] 
[ogg, null10.151.156.180Tue_Nov_05_141112_CET_2013343, 10.151.156.180Mon_Nov_04_140724_CET_2013343.wav] = java.lang.reflect.InvocationTargetException 
[wav, null10.151.156.180Mon_Nov_04_140724_CET_2013343, 10.151.156.180Tue_Nov_05_141112_CET_2013343.mp3] = FluxTmlg [body=AnnounceAudioTmlg [url=http://localhost/get10.151.156.180Tue_Nov_05_141112_CET_2013343.wav, format=wav, fileName=10.151.156.180Tue_Nov_05_141112_CET_2013343.wav]] 
[mp3, null10.151.156.180Mon_Nov_04_140724_CET_2013343, 10.151.156.180Tue_Nov_05_141112_CET_2013343.mp3] = java.lang.reflect.InvocationTargetException 
[ogg, null10.151.156.180Mon_Nov_04_140724_CET_2013343, 10.151.156.180Tue_Nov_05_141112_CET_2013343.mp3] = java.lang.reflect.InvocationTargetException 
[wav, null10.151.156.180Tue_Nov_05_141112_CET_2013343, 10.151.156.180Tue_Nov_05_141112_CET_2013343.mp3] = FluxTmlg [body=AnnounceAudioTmlg [url=http://localhost/get10.151.156.180Tue_Nov_05_141112_CET_2013343.wav, format=wav, fileName=10.151.156.180Tue_Nov_05_141112_CET_2013343.wav]] 
[mp3, null10.151.156.180Tue_Nov_05_141112_CET_2013343, 10.151.156.180Tue_Nov_05_141112_CET_2013343.mp3] = java.lang.reflect.InvocationTargetException 
[ogg, null10.151.156.180Tue_Nov_05_141112_CET_2013343, 10.151.156.180Tue_Nov_05_141112_CET_2013343.mp3] = java.lang.reflect.InvocationTargetException 
