ErrorPSCS: The core layer cannot download the file
