ErrorPSCS: The core layer cannot download the web server configuration
