ErrorPSCS: The core layer cannot encode the audio file
