FluxTmlg [body=AnnounceAudioTmlg [url=http://localhost/get10.151.156.180Tue_Nov_05_141112_CET_2013343.wav, format=wav, fileName=10.151.156.180Tue_Nov_05_141112_CET_2013343.wav]]
